# serializer version: 1
# name: test_build_all_scenarios[requires-does-not-exist]
  dict({
    'exit_code': 0,
    'filesystem': dict({
      'build/requires-exact-version-does-not-exist-e6dc3dbc/requires-exact-version-does-not-exist-e6dc3dbc-0.0.0/pyproject.toml': 'md5:7ef5ae9ad0f25f84ee765e5bcccb0f22',
      'build/requires-exact-version-does-not-exist-e6dc3dbc/requires-exact-version-does-not-exist-e6dc3dbc-0.0.0/src/requires_exact_version_does_not_exist_e6dc3dbc/__init__.py': '''
        __version__ = "0.0.0"
  
      ''',
      'build/requires-exact-version-does-not-exist-e6dc3dbc/requires-exact-version-does-not-exist-e6dc3dbc-a-1.0.0/pyproject.toml': '''
        [build-system]
        requires = ["hatchling"]
        build-backend = "hatchling.build"
        
        [tool.hatch.build.targets.wheel]
        packages = ["src/requires_exact_version_does_not_exist_e6dc3dbc_a"]
        
        [tool.hatch.build.targets.sdist]
        only-include = ["src/requires_exact_version_does_not_exist_e6dc3dbc_a"]
        
        [project]
        name = "requires-exact-version-does-not-exist-e6dc3dbc-a"
        version = "1.0.0"
        dependencies = ["requires-exact-version-does-not-exist-e6dc3dbc-b==2.0.0"]
        requires-python = ">=3.7"
        description = ""
  
      ''',
      'build/requires-exact-version-does-not-exist-e6dc3dbc/requires-exact-version-does-not-exist-e6dc3dbc-a-1.0.0/src/requires_exact_version_does_not_exist_e6dc3dbc_a/__init__.py': '''
        __version__ = "1.0.0"
  
      ''',
      'build/requires-exact-version-does-not-exist-e6dc3dbc/requires-exact-version-does-not-exist-e6dc3dbc-b-1.0.0/pyproject.toml': '''
        [build-system]
        requires = ["hatchling"]
        build-backend = "hatchling.build"
        
        [tool.hatch.build.targets.wheel]
        packages = ["src/requires_exact_version_does_not_exist_e6dc3dbc_b"]
        
        [tool.hatch.build.targets.sdist]
        only-include = ["src/requires_exact_version_does_not_exist_e6dc3dbc_b"]
        
        [project]
        name = "requires-exact-version-does-not-exist-e6dc3dbc-b"
        version = "1.0.0"
        dependencies = []
        requires-python = ">=3.7"
        description = ""
  
      ''',
      'build/requires-exact-version-does-not-exist-e6dc3dbc/requires-exact-version-does-not-exist-e6dc3dbc-b-1.0.0/src/requires_exact_version_does_not_exist_e6dc3dbc_b/__init__.py': '''
        __version__ = "1.0.0"
  
      ''',
      'build/requires-greater-version-does-not-exist-0292e3fd/requires-greater-version-does-not-exist-0292e3fd-0.0.0/pyproject.toml': 'md5:394ebd8fac52ce4d23ad08a9ab7ec6e6',
      'build/requires-greater-version-does-not-exist-0292e3fd/requires-greater-version-does-not-exist-0292e3fd-0.0.0/src/requires_greater_version_does_not_exist_0292e3fd/__init__.py': '''
        __version__ = "0.0.0"
  
      ''',
      'build/requires-greater-version-does-not-exist-0292e3fd/requires-greater-version-does-not-exist-0292e3fd-a-1.0.0/pyproject.toml': '''
        [build-system]
        requires = ["hatchling"]
        build-backend = "hatchling.build"
        
        [tool.hatch.build.targets.wheel]
        packages = ["src/requires_greater_version_does_not_exist_0292e3fd_a"]
        
        [tool.hatch.build.targets.sdist]
        only-include = ["src/requires_greater_version_does_not_exist_0292e3fd_a"]
        
        [project]
        name = "requires-greater-version-does-not-exist-0292e3fd-a"
        version = "1.0.0"
        dependencies = ["requires-greater-version-does-not-exist-0292e3fd-b>1.0.0"]
        requires-python = ">=3.7"
        description = ""
  
      ''',
      'build/requires-greater-version-does-not-exist-0292e3fd/requires-greater-version-does-not-exist-0292e3fd-a-1.0.0/src/requires_greater_version_does_not_exist_0292e3fd_a/__init__.py': '''
        __version__ = "1.0.0"
  
      ''',
      'build/requires-greater-version-does-not-exist-0292e3fd/requires-greater-version-does-not-exist-0292e3fd-b-0.1.0/pyproject.toml': '''
        [build-system]
        requires = ["hatchling"]
        build-backend = "hatchling.build"
        
        [tool.hatch.build.targets.wheel]
        packages = ["src/requires_greater_version_does_not_exist_0292e3fd_b"]
        
        [tool.hatch.build.targets.sdist]
        only-include = ["src/requires_greater_version_does_not_exist_0292e3fd_b"]
        
        [project]
        name = "requires-greater-version-does-not-exist-0292e3fd-b"
        version = "0.1.0"
        dependencies = []
        requires-python = ">=3.7"
        description = ""
  
      ''',
      'build/requires-greater-version-does-not-exist-0292e3fd/requires-greater-version-does-not-exist-0292e3fd-b-0.1.0/src/requires_greater_version_does_not_exist_0292e3fd_b/__init__.py': '''
        __version__ = "0.1.0"
  
      ''',
      'build/requires-greater-version-does-not-exist-0292e3fd/requires-greater-version-does-not-exist-0292e3fd-b-1.0.0/pyproject.toml': '''
        [build-system]
        requires = ["hatchling"]
        build-backend = "hatchling.build"
        
        [tool.hatch.build.targets.wheel]
        packages = ["src/requires_greater_version_does_not_exist_0292e3fd_b"]
        
        [tool.hatch.build.targets.sdist]
        only-include = ["src/requires_greater_version_does_not_exist_0292e3fd_b"]
        
        [project]
        name = "requires-greater-version-does-not-exist-0292e3fd-b"
        version = "1.0.0"
        dependencies = []
        requires-python = ">=3.7"
        description = ""
  
      ''',
      'build/requires-greater-version-does-not-exist-0292e3fd/requires-greater-version-does-not-exist-0292e3fd-b-1.0.0/src/requires_greater_version_does_not_exist_0292e3fd_b/__init__.py': '''
        __version__ = "1.0.0"
  
      ''',
      'build/requires-less-version-does-not-exist-709e7ab6/requires-less-version-does-not-exist-709e7ab6-0.0.0/pyproject.toml': 'md5:ff3ec920bac22a96541cd32ba30db687',
      'build/requires-less-version-does-not-exist-709e7ab6/requires-less-version-does-not-exist-709e7ab6-0.0.0/src/requires_less_version_does_not_exist_709e7ab6/__init__.py': '''
        __version__ = "0.0.0"
  
      ''',
      'build/requires-less-version-does-not-exist-709e7ab6/requires-less-version-does-not-exist-709e7ab6-a-1.0.0/pyproject.toml': '''
        [build-system]
        requires = ["hatchling"]
        build-backend = "hatchling.build"
        
        [tool.hatch.build.targets.wheel]
        packages = ["src/requires_less_version_does_not_exist_709e7ab6_a"]
        
        [tool.hatch.build.targets.sdist]
        only-include = ["src/requires_less_version_does_not_exist_709e7ab6_a"]
        
        [project]
        name = "requires-less-version-does-not-exist-709e7ab6-a"
        version = "1.0.0"
        dependencies = ["requires-less-version-does-not-exist-709e7ab6-b<2.0.0"]
        requires-python = ">=3.7"
        description = ""
  
      ''',
      'build/requires-less-version-does-not-exist-709e7ab6/requires-less-version-does-not-exist-709e7ab6-a-1.0.0/src/requires_less_version_does_not_exist_709e7ab6_a/__init__.py': '''
        __version__ = "1.0.0"
  
      ''',
      'build/requires-less-version-does-not-exist-709e7ab6/requires-less-version-does-not-exist-709e7ab6-b-2.0.0/pyproject.toml': '''
        [build-system]
        requires = ["hatchling"]
        build-backend = "hatchling.build"
        
        [tool.hatch.build.targets.wheel]
        packages = ["src/requires_less_version_does_not_exist_709e7ab6_b"]
        
        [tool.hatch.build.targets.sdist]
        only-include = ["src/requires_less_version_does_not_exist_709e7ab6_b"]
        
        [project]
        name = "requires-less-version-does-not-exist-709e7ab6-b"
        version = "2.0.0"
        dependencies = []
        requires-python = ">=3.7"
        description = ""
  
      ''',
      'build/requires-less-version-does-not-exist-709e7ab6/requires-less-version-does-not-exist-709e7ab6-b-2.0.0/src/requires_less_version_does_not_exist_709e7ab6_b/__init__.py': '''
        __version__ = "2.0.0"
  
      ''',
      'build/requires-less-version-does-not-exist-709e7ab6/requires-less-version-does-not-exist-709e7ab6-b-3.0.0/pyproject.toml': '''
        [build-system]
        requires = ["hatchling"]
        build-backend = "hatchling.build"
        
        [tool.hatch.build.targets.wheel]
        packages = ["src/requires_less_version_does_not_exist_709e7ab6_b"]
        
        [tool.hatch.build.targets.sdist]
        only-include = ["src/requires_less_version_does_not_exist_709e7ab6_b"]
        
        [project]
        name = "requires-less-version-does-not-exist-709e7ab6-b"
        version = "3.0.0"
        dependencies = []
        requires-python = ">=3.7"
        description = ""
  
      ''',
      'build/requires-less-version-does-not-exist-709e7ab6/requires-less-version-does-not-exist-709e7ab6-b-3.0.0/src/requires_less_version_does_not_exist_709e7ab6_b/__init__.py': '''
        __version__ = "3.0.0"
  
      ''',
      'build/requires-less-version-does-not-exist-709e7ab6/requires-less-version-does-not-exist-709e7ab6-b-4.0.0/pyproject.toml': '''
        [build-system]
        requires = ["hatchling"]
        build-backend = "hatchling.build"
        
        [tool.hatch.build.targets.wheel]
        packages = ["src/requires_less_version_does_not_exist_709e7ab6_b"]
        
        [tool.hatch.build.targets.sdist]
        only-include = ["src/requires_less_version_does_not_exist_709e7ab6_b"]
        
        [project]
        name = "requires-less-version-does-not-exist-709e7ab6-b"
        version = "4.0.0"
        dependencies = []
        requires-python = ">=3.7"
        description = ""
  
      ''',
      'build/requires-less-version-does-not-exist-709e7ab6/requires-less-version-does-not-exist-709e7ab6-b-4.0.0/src/requires_less_version_does_not_exist_709e7ab6_b/__init__.py': '''
        __version__ = "4.0.0"
  
      ''',
      'build/requires-package-does-not-exist-2b0c3851/requires-package-does-not-exist-2b0c3851-0.0.0/pyproject.toml': 'md5:6a306595b9ab275bb4afebe884674208',
      'build/requires-package-does-not-exist-2b0c3851/requires-package-does-not-exist-2b0c3851-0.0.0/src/requires_package_does_not_exist_2b0c3851/__init__.py': '''
        __version__ = "0.0.0"
  
      ''',
      'build/requires-package-does-not-exist-2b0c3851/requires-package-does-not-exist-2b0c3851-a-1.0.0/pyproject.toml': '''
        [build-system]
        requires = ["hatchling"]
        build-backend = "hatchling.build"
        
        [tool.hatch.build.targets.wheel]
        packages = ["src/requires_package_does_not_exist_2b0c3851_a"]
        
        [tool.hatch.build.targets.sdist]
        only-include = ["src/requires_package_does_not_exist_2b0c3851_a"]
        
        [project]
        name = "requires-package-does-not-exist-2b0c3851-a"
        version = "1.0.0"
        dependencies = ["requires-package-does-not-exist-2b0c3851-b"]
        requires-python = ">=3.7"
        description = ""
  
      ''',
      'build/requires-package-does-not-exist-2b0c3851/requires-package-does-not-exist-2b0c3851-a-1.0.0/src/requires_package_does_not_exist_2b0c3851_a/__init__.py': '''
        __version__ = "1.0.0"
  
      ''',
      'build/transitive-requires-package-does-not-exist-ccfa77f5/transitive-requires-package-does-not-exist-ccfa77f5-0.0.0/pyproject.toml': 'md5:8739a9330ab654fe19e0b3ef37647801',
      'build/transitive-requires-package-does-not-exist-ccfa77f5/transitive-requires-package-does-not-exist-ccfa77f5-0.0.0/src/transitive_requires_package_does_not_exist_ccfa77f5/__init__.py': '''
        __version__ = "0.0.0"
  
      ''',
      'build/transitive-requires-package-does-not-exist-ccfa77f5/transitive-requires-package-does-not-exist-ccfa77f5-a-1.0.0/pyproject.toml': '''
        [build-system]
        requires = ["hatchling"]
        build-backend = "hatchling.build"
        
        [tool.hatch.build.targets.wheel]
        packages = ["src/transitive_requires_package_does_not_exist_ccfa77f5_a"]
        
        [tool.hatch.build.targets.sdist]
        only-include = ["src/transitive_requires_package_does_not_exist_ccfa77f5_a"]
        
        [project]
        name = "transitive-requires-package-does-not-exist-ccfa77f5-a"
        version = "1.0.0"
        dependencies = ["transitive-requires-package-does-not-exist-ccfa77f5-b"]
        requires-python = ">=3.7"
        description = ""
  
      ''',
      'build/transitive-requires-package-does-not-exist-ccfa77f5/transitive-requires-package-does-not-exist-ccfa77f5-a-1.0.0/src/transitive_requires_package_does_not_exist_ccfa77f5_a/__init__.py': '''
        __version__ = "1.0.0"
  
      ''',
      'build/transitive-requires-package-does-not-exist-ccfa77f5/transitive-requires-package-does-not-exist-ccfa77f5-b-1.0.0/pyproject.toml': '''
        [build-system]
        requires = ["hatchling"]
        build-backend = "hatchling.build"
        
        [tool.hatch.build.targets.wheel]
        packages = ["src/transitive_requires_package_does_not_exist_ccfa77f5_b"]
        
        [tool.hatch.build.targets.sdist]
        only-include = ["src/transitive_requires_package_does_not_exist_ccfa77f5_b"]
        
        [project]
        name = "transitive-requires-package-does-not-exist-ccfa77f5-b"
        version = "1.0.0"
        dependencies = ["transitive-requires-package-does-not-exist-ccfa77f5-c"]
        requires-python = ">=3.7"
        description = ""
  
      ''',
      'build/transitive-requires-package-does-not-exist-ccfa77f5/transitive-requires-package-does-not-exist-ccfa77f5-b-1.0.0/src/transitive_requires_package_does_not_exist_ccfa77f5_b/__init__.py': '''
        __version__ = "1.0.0"
  
      ''',
      'dist/requires-exact-version-does-not-exist-e6dc3dbc/requires_exact_version_does_not_exist_e6dc3dbc-0.0.0.tar.gz': 'md5:de818f882df8a4d6b18e3ecfbcfac02c',
      'dist/requires-exact-version-does-not-exist-e6dc3dbc/requires_exact_version_does_not_exist_e6dc3dbc_a-1.0.0-py3-none-any.whl': 'md5:e85fdf91e7fe089cc9df892234f40427',
      'dist/requires-exact-version-does-not-exist-e6dc3dbc/requires_exact_version_does_not_exist_e6dc3dbc_a-1.0.0.tar.gz': 'md5:52c1ab3840f1056b0896aca80b787f7e',
      'dist/requires-exact-version-does-not-exist-e6dc3dbc/requires_exact_version_does_not_exist_e6dc3dbc_b-1.0.0-py3-none-any.whl': 'md5:997792917b3e1bbf16a907cf7845b96e',
      'dist/requires-exact-version-does-not-exist-e6dc3dbc/requires_exact_version_does_not_exist_e6dc3dbc_b-1.0.0.tar.gz': 'md5:2611456b8c048011faeb04be0b934e9c',
      'dist/requires-greater-version-does-not-exist-0292e3fd/requires_greater_version_does_not_exist_0292e3fd-0.0.0.tar.gz': 'md5:30654cbb07305043c5448051caacc887',
      'dist/requires-greater-version-does-not-exist-0292e3fd/requires_greater_version_does_not_exist_0292e3fd_a-1.0.0-py3-none-any.whl': 'md5:37ac0f0e7fb045698179517b72085de8',
      'dist/requires-greater-version-does-not-exist-0292e3fd/requires_greater_version_does_not_exist_0292e3fd_a-1.0.0.tar.gz': 'md5:ee55f55c7408e24026ab58bcb25cd026',
      'dist/requires-greater-version-does-not-exist-0292e3fd/requires_greater_version_does_not_exist_0292e3fd_b-0.1.0-py3-none-any.whl': 'md5:8d5159f0cc4fcfd37d78cbefdd639261',
      'dist/requires-greater-version-does-not-exist-0292e3fd/requires_greater_version_does_not_exist_0292e3fd_b-0.1.0.tar.gz': 'md5:1c6a356749f9f4bfa0ff03f6f4975d86',
      'dist/requires-greater-version-does-not-exist-0292e3fd/requires_greater_version_does_not_exist_0292e3fd_b-1.0.0-py3-none-any.whl': 'md5:cd9241f0b75213007e31fa1867c1a040',
      'dist/requires-greater-version-does-not-exist-0292e3fd/requires_greater_version_does_not_exist_0292e3fd_b-1.0.0.tar.gz': 'md5:f71af51a0a4f8ce52ab9afd3681f1ab1',
      'dist/requires-less-version-does-not-exist-709e7ab6/requires_less_version_does_not_exist_709e7ab6-0.0.0.tar.gz': 'md5:261526505b30fac087628302ca784545',
      'dist/requires-less-version-does-not-exist-709e7ab6/requires_less_version_does_not_exist_709e7ab6_a-1.0.0-py3-none-any.whl': 'md5:059efa528e1324e0e5ba7f57c9b8fd43',
      'dist/requires-less-version-does-not-exist-709e7ab6/requires_less_version_does_not_exist_709e7ab6_a-1.0.0.tar.gz': 'md5:464762e5b6ef86b9d9497e3af2d5636d',
      'dist/requires-less-version-does-not-exist-709e7ab6/requires_less_version_does_not_exist_709e7ab6_b-2.0.0-py3-none-any.whl': 'md5:3b1fe89b1205ed63bb642c73d407425e',
      'dist/requires-less-version-does-not-exist-709e7ab6/requires_less_version_does_not_exist_709e7ab6_b-2.0.0.tar.gz': 'md5:817090eb31abdadbc8ef3f2f34ce248c',
      'dist/requires-less-version-does-not-exist-709e7ab6/requires_less_version_does_not_exist_709e7ab6_b-3.0.0-py3-none-any.whl': 'md5:72bcd5b2df838f2a99de4b8f6fceb311',
      'dist/requires-less-version-does-not-exist-709e7ab6/requires_less_version_does_not_exist_709e7ab6_b-3.0.0.tar.gz': 'md5:9b5f51a259474ff62875af24c40bcd27',
      'dist/requires-less-version-does-not-exist-709e7ab6/requires_less_version_does_not_exist_709e7ab6_b-4.0.0-py3-none-any.whl': 'md5:a86f1c2074ca143a607e0e265156d0b9',
      'dist/requires-less-version-does-not-exist-709e7ab6/requires_less_version_does_not_exist_709e7ab6_b-4.0.0.tar.gz': 'md5:ff146c0c11df044a2eea0dd5293236e9',
      'dist/requires-package-does-not-exist-2b0c3851/requires_package_does_not_exist_2b0c3851-0.0.0.tar.gz': 'md5:dbb35767dc4996e279d2573ab0fe38ff',
      'dist/requires-package-does-not-exist-2b0c3851/requires_package_does_not_exist_2b0c3851_a-1.0.0-py3-none-any.whl': 'md5:aca58bea9a3ddf3d7e71713b9f332ef4',
      'dist/requires-package-does-not-exist-2b0c3851/requires_package_does_not_exist_2b0c3851_a-1.0.0.tar.gz': 'md5:3f7ac2b6048a943a8d7718137a5ef6df',
      'dist/transitive-requires-package-does-not-exist-ccfa77f5/transitive_requires_package_does_not_exist_ccfa77f5-0.0.0.tar.gz': 'md5:ce7cede5a217e67a61cc6c2220ca9bb7',
      'dist/transitive-requires-package-does-not-exist-ccfa77f5/transitive_requires_package_does_not_exist_ccfa77f5_a-1.0.0-py3-none-any.whl': 'md5:878cc882aaeb5bc15f8d82f5cb74f61f',
      'dist/transitive-requires-package-does-not-exist-ccfa77f5/transitive_requires_package_does_not_exist_ccfa77f5_a-1.0.0.tar.gz': 'md5:ff767f6c26a98366019f118ed4257f90',
      'dist/transitive-requires-package-does-not-exist-ccfa77f5/transitive_requires_package_does_not_exist_ccfa77f5_b-1.0.0-py3-none-any.whl': 'md5:610ae18df8cce1f508d68422a97dd146',
      'dist/transitive-requires-package-does-not-exist-ccfa77f5/transitive_requires_package_does_not_exist_ccfa77f5_b-1.0.0.tar.gz': 'md5:79fe086e86378d98b8e668248eed09ec',
      'tree': '''
        test_build_all_scenarios_requi0
        ├── build
        │   ├── requires-exact-version-does-not-exist-e6dc3dbc
        │   │   ├── requires-exact-version-does-not-exist-e6dc3dbc-0.0.0
        │   │   │   ├── pyproject.toml
        │   │   │   └── src
        │   │   │       └── requires_exact_version_does_not_exist_e6dc3dbc
        │   │   │           └── __init__.py
        │   │   ├── requires-exact-version-does-not-exist-e6dc3dbc-a-1.0.0
        │   │   │   ├── pyproject.toml
        │   │   │   └── src
        │   │   │       └── requires_exact_version_does_not_exist_e6dc3dbc_a
        │   │   │           └── __init__.py
        │   │   └── requires-exact-version-does-not-exist-e6dc3dbc-b-1.0.0
        │   │       ├── pyproject.toml
        │   │       └── src
        │   │           └── requires_exact_version_does_not_exist_e6dc3dbc_b
        │   │               └── __init__.py
        │   ├── requires-greater-version-does-not-exist-0292e3fd
        │   │   ├── requires-greater-version-does-not-exist-0292e3fd-0.0.0
        │   │   │   ├── pyproject.toml
        │   │   │   └── src
        │   │   │       └── requires_greater_version_does_not_exist_0292e3fd
        │   │   │           └── __init__.py
        │   │   ├── requires-greater-version-does-not-exist-0292e3fd-a-1.0.0
        │   │   │   ├── pyproject.toml
        │   │   │   └── src
        │   │   │       └── requires_greater_version_does_not_exist_0292e3fd_a
        │   │   │           └── __init__.py
        │   │   ├── requires-greater-version-does-not-exist-0292e3fd-b-0.1.0
        │   │   │   ├── pyproject.toml
        │   │   │   └── src
        │   │   │       └── requires_greater_version_does_not_exist_0292e3fd_b
        │   │   │           └── __init__.py
        │   │   └── requires-greater-version-does-not-exist-0292e3fd-b-1.0.0
        │   │       ├── pyproject.toml
        │   │       └── src
        │   │           └── requires_greater_version_does_not_exist_0292e3fd_b
        │   │               └── __init__.py
        │   ├── requires-less-version-does-not-exist-709e7ab6
        │   │   ├── requires-less-version-does-not-exist-709e7ab6-0.0.0
        │   │   │   ├── pyproject.toml
        │   │   │   └── src
        │   │   │       └── requires_less_version_does_not_exist_709e7ab6
        │   │   │           └── __init__.py
        │   │   ├── requires-less-version-does-not-exist-709e7ab6-a-1.0.0
        │   │   │   ├── pyproject.toml
        │   │   │   └── src
        │   │   │       └── requires_less_version_does_not_exist_709e7ab6_a
        │   │   │           └── __init__.py
        │   │   ├── requires-less-version-does-not-exist-709e7ab6-b-2.0.0
        │   │   │   ├── pyproject.toml
        │   │   │   └── src
        │   │   │       └── requires_less_version_does_not_exist_709e7ab6_b
        │   │   │           └── __init__.py
        │   │   ├── requires-less-version-does-not-exist-709e7ab6-b-3.0.0
        │   │   │   ├── pyproject.toml
        │   │   │   └── src
        │   │   │       └── requires_less_version_does_not_exist_709e7ab6_b
        │   │   │           └── __init__.py
        │   │   └── requires-less-version-does-not-exist-709e7ab6-b-4.0.0
        │   │       ├── pyproject.toml
        │   │       └── src
        │   │           └── requires_less_version_does_not_exist_709e7ab6_b
        │   │               └── __init__.py
        │   ├── requires-package-does-not-exist-2b0c3851
        │   │   ├── requires-package-does-not-exist-2b0c3851-0.0.0
        │   │   │   ├── pyproject.toml
        │   │   │   └── src
        │   │   │       └── requires_package_does_not_exist_2b0c3851
        │   │   │           └── __init__.py
        │   │   └── requires-package-does-not-exist-2b0c3851-a-1.0.0
        │   │       ├── pyproject.toml
        │   │       └── src
        │   │           └── requires_package_does_not_exist_2b0c3851_a
        │   │               └── __init__.py
        │   └── transitive-requires-package-does-not-exist-ccfa77f5
        │       ├── transitive-requires-package-does-not-exist-ccfa77f5-0.0.0
        │       │   ├── pyproject.toml
        │       │   └── src
        │       │       └── transitive_requires_package_does_not_exist_ccfa77f5
        │       │           └── __init__.py
        │       ├── transitive-requires-package-does-not-exist-ccfa77f5-a-1.0.0
        │       │   ├── pyproject.toml
        │       │   └── src
        │       │       └── transitive_requires_package_does_not_exist_ccfa77f5_a
        │       │           └── __init__.py
        │       └── transitive-requires-package-does-not-exist-ccfa77f5-b-1.0.0
        │           ├── pyproject.toml
        │           └── src
        │               └── transitive_requires_package_does_not_exist_ccfa77f5_b
        │                   └── __init__.py
        └── dist
            ├── requires-exact-version-does-not-exist-e6dc3dbc
            │   ├── requires_exact_version_does_not_exist_e6dc3dbc-0.0.0.tar.gz
            │   ├── requires_exact_version_does_not_exist_e6dc3dbc_a-1.0.0-py3-none-any.whl
            │   ├── requires_exact_version_does_not_exist_e6dc3dbc_a-1.0.0.tar.gz
            │   ├── requires_exact_version_does_not_exist_e6dc3dbc_b-1.0.0-py3-none-any.whl
            │   └── requires_exact_version_does_not_exist_e6dc3dbc_b-1.0.0.tar.gz
            ├── requires-greater-version-does-not-exist-0292e3fd
            │   ├── requires_greater_version_does_not_exist_0292e3fd-0.0.0.tar.gz
            │   ├── requires_greater_version_does_not_exist_0292e3fd_a-1.0.0-py3-none-any.whl
            │   ├── requires_greater_version_does_not_exist_0292e3fd_a-1.0.0.tar.gz
            │   ├── requires_greater_version_does_not_exist_0292e3fd_b-0.1.0-py3-none-any.whl
            │   ├── requires_greater_version_does_not_exist_0292e3fd_b-0.1.0.tar.gz
            │   ├── requires_greater_version_does_not_exist_0292e3fd_b-1.0.0-py3-none-any.whl
            │   └── requires_greater_version_does_not_exist_0292e3fd_b-1.0.0.tar.gz
            ├── requires-less-version-does-not-exist-709e7ab6
            │   ├── requires_less_version_does_not_exist_709e7ab6-0.0.0.tar.gz
            │   ├── requires_less_version_does_not_exist_709e7ab6_a-1.0.0-py3-none-any.whl
            │   ├── requires_less_version_does_not_exist_709e7ab6_a-1.0.0.tar.gz
            │   ├── requires_less_version_does_not_exist_709e7ab6_b-2.0.0-py3-none-any.whl
            │   ├── requires_less_version_does_not_exist_709e7ab6_b-2.0.0.tar.gz
            │   ├── requires_less_version_does_not_exist_709e7ab6_b-3.0.0-py3-none-any.whl
            │   ├── requires_less_version_does_not_exist_709e7ab6_b-3.0.0.tar.gz
            │   ├── requires_less_version_does_not_exist_709e7ab6_b-4.0.0-py3-none-any.whl
            │   └── requires_less_version_does_not_exist_709e7ab6_b-4.0.0.tar.gz
            ├── requires-package-does-not-exist-2b0c3851
            │   ├── requires_package_does_not_exist_2b0c3851-0.0.0.tar.gz
            │   ├── requires_package_does_not_exist_2b0c3851_a-1.0.0-py3-none-any.whl
            │   └── requires_package_does_not_exist_2b0c3851_a-1.0.0.tar.gz
            └── transitive-requires-package-does-not-exist-ccfa77f5
                ├── transitive_requires_package_does_not_exist_ccfa77f5-0.0.0.tar.gz
                ├── transitive_requires_package_does_not_exist_ccfa77f5_a-1.0.0-py3-none-any.whl
                ├── transitive_requires_package_does_not_exist_ccfa77f5_a-1.0.0.tar.gz
                ├── transitive_requires_package_does_not_exist_ccfa77f5_b-1.0.0-py3-none-any.whl
                └── transitive_requires_package_does_not_exist_ccfa77f5_b-1.0.0.tar.gz
        
        63 directories, 63 files
  
      ''',
    }),
    'stderr': '''
      INFO:packse.build:Building 'requires-package-does-not-exist-2b0c3851' in directory 'build/requires-package-does-not-exist-2b0c3851'
      INFO:packse.build:Generated project for 'requires-package-does-not-exist-2b0c3851-a-1.0.0' in 1.12ms
      INFO:packse.build:Built package 'requires-package-does-not-exist-2b0c3851-a-1.0.0' in 1.71s
      INFO:packse.build:Generated project for 'requires-package-does-not-exist-2b0c3851-0.0.0' in 0.84ms
      INFO:packse.build:Built package 'requires-package-does-not-exist-2b0c3851-0.0.0' in 1.62s
      INFO:packse.build:Built scenario 'requires-package-does-not-exist-2b0c3851' in 3.34s
      INFO:packse.build:Building 'requires-exact-version-does-not-exist-e6dc3dbc' in directory 'build/requires-exact-version-does-not-exist-e6dc3dbc'
      INFO:packse.build:Generated project for 'requires-exact-version-does-not-exist-e6dc3dbc-a-1.0.0' in 1.14ms
      INFO:packse.build:Built package 'requires-exact-version-does-not-exist-e6dc3dbc-a-1.0.0' in 1.75s
      INFO:packse.build:Generated project for 'requires-exact-version-does-not-exist-e6dc3dbc-b-1.0.0' in 0.83ms
      INFO:packse.build:Built package 'requires-exact-version-does-not-exist-e6dc3dbc-b-1.0.0' in 1.66s
      INFO:packse.build:Generated project for 'requires-exact-version-does-not-exist-e6dc3dbc-0.0.0' in 0.86ms
      INFO:packse.build:Built package 'requires-exact-version-does-not-exist-e6dc3dbc-0.0.0' in 1.73s
      INFO:packse.build:Built scenario 'requires-exact-version-does-not-exist-e6dc3dbc' in 5.15s
      INFO:packse.build:Building 'requires-greater-version-does-not-exist-0292e3fd' in directory 'build/requires-greater-version-does-not-exist-0292e3fd'
      INFO:packse.build:Generated project for 'requires-greater-version-does-not-exist-0292e3fd-a-1.0.0' in 0.82ms
      INFO:packse.build:Built package 'requires-greater-version-does-not-exist-0292e3fd-a-1.0.0' in 1.62s
      INFO:packse.build:Generated project for 'requires-greater-version-does-not-exist-0292e3fd-b-0.1.0' in 0.87ms
      INFO:packse.build:Built package 'requires-greater-version-does-not-exist-0292e3fd-b-0.1.0' in 1.68s
      INFO:packse.build:Generated project for 'requires-greater-version-does-not-exist-0292e3fd-b-1.0.0' in 0.90ms
      INFO:packse.build:Built package 'requires-greater-version-does-not-exist-0292e3fd-b-1.0.0' in 1.82s
      INFO:packse.build:Generated project for 'requires-greater-version-does-not-exist-0292e3fd-0.0.0' in 0.85ms
      INFO:packse.build:Built package 'requires-greater-version-does-not-exist-0292e3fd-0.0.0' in 2.17s
      INFO:packse.build:Built scenario 'requires-greater-version-does-not-exist-0292e3fd' in 7.30s
      INFO:packse.build:Building 'requires-less-version-does-not-exist-709e7ab6' in directory 'build/requires-less-version-does-not-exist-709e7ab6'
      INFO:packse.build:Generated project for 'requires-less-version-does-not-exist-709e7ab6-a-1.0.0' in 1.09ms
      INFO:packse.build:Built package 'requires-less-version-does-not-exist-709e7ab6-a-1.0.0' in 1.67s
      INFO:packse.build:Generated project for 'requires-less-version-does-not-exist-709e7ab6-b-2.0.0' in 0.86ms
      INFO:packse.build:Built package 'requires-less-version-does-not-exist-709e7ab6-b-2.0.0' in 1.65s
      INFO:packse.build:Generated project for 'requires-less-version-does-not-exist-709e7ab6-b-3.0.0' in 0.91ms
      INFO:packse.build:Built package 'requires-less-version-does-not-exist-709e7ab6-b-3.0.0' in 1.85s
      INFO:packse.build:Generated project for 'requires-less-version-does-not-exist-709e7ab6-b-4.0.0' in 0.95ms
      INFO:packse.build:Built package 'requires-less-version-does-not-exist-709e7ab6-b-4.0.0' in 2.05s
      INFO:packse.build:Generated project for 'requires-less-version-does-not-exist-709e7ab6-0.0.0' in 0.86ms
      INFO:packse.build:Built package 'requires-less-version-does-not-exist-709e7ab6-0.0.0' in 1.63s
      INFO:packse.build:Built scenario 'requires-less-version-does-not-exist-709e7ab6' in 8.86s
      INFO:packse.build:Building 'transitive-requires-package-does-not-exist-ccfa77f5' in directory 'build/transitive-requires-package-does-not-exist-ccfa77f5'
      INFO:packse.build:Generated project for 'transitive-requires-package-does-not-exist-ccfa77f5-a-1.0.0' in 0.90ms
      INFO:packse.build:Built package 'transitive-requires-package-does-not-exist-ccfa77f5-a-1.0.0' in 1.77s
      INFO:packse.build:Generated project for 'transitive-requires-package-does-not-exist-ccfa77f5-b-1.0.0' in 0.87ms
      INFO:packse.build:Built package 'transitive-requires-package-does-not-exist-ccfa77f5-b-1.0.0' in 1.70s
      INFO:packse.build:Generated project for 'transitive-requires-package-does-not-exist-ccfa77f5-0.0.0' in 0.84ms
      INFO:packse.build:Built package 'transitive-requires-package-does-not-exist-ccfa77f5-0.0.0' in 1.58s
      INFO:packse.build:Built scenario 'transitive-requires-package-does-not-exist-ccfa77f5' in 5.06s
  
    ''',
    'stdout': '''
      requires-package-does-not-exist-2b0c3851
      requires-exact-version-does-not-exist-e6dc3dbc
      requires-greater-version-does-not-exist-0292e3fd
      requires-less-version-does-not-exist-709e7ab6
      transitive-requires-package-does-not-exist-ccfa77f5
  
    ''',
  })
# ---
# name: test_build_all_scenarios[requires-incompatible-versions]
  dict({
    'exit_code': 0,
    'filesystem': dict({
      'build/requires-direct-incompatible-versions-ff0dfdf1/requires-direct-incompatible-versions-ff0dfdf1-0.0.0/pyproject.toml': 'md5:9645fda4d9ef8f480bc9618bc72759e0',
      'build/requires-direct-incompatible-versions-ff0dfdf1/requires-direct-incompatible-versions-ff0dfdf1-0.0.0/src/requires_direct_incompatible_versions_ff0dfdf1/__init__.py': '''
        __version__ = "0.0.0"
  
      ''',
      'build/requires-direct-incompatible-versions-ff0dfdf1/requires-direct-incompatible-versions-ff0dfdf1-a-1.0.0/pyproject.toml': 'md5:c33e7ce5f58bba4b8dd9e987ad47d582',
      'build/requires-direct-incompatible-versions-ff0dfdf1/requires-direct-incompatible-versions-ff0dfdf1-a-1.0.0/src/requires_direct_incompatible_versions_ff0dfdf1_a/__init__.py': '''
        __version__ = "1.0.0"
  
      ''',
      'build/requires-direct-incompatible-versions-ff0dfdf1/requires-direct-incompatible-versions-ff0dfdf1-b-1.0.0/pyproject.toml': '''
        [build-system]
        requires = ["hatchling"]
        build-backend = "hatchling.build"
        
        [tool.hatch.build.targets.wheel]
        packages = ["src/requires_direct_incompatible_versions_ff0dfdf1_b"]
        
        [tool.hatch.build.targets.sdist]
        only-include = ["src/requires_direct_incompatible_versions_ff0dfdf1_b"]
        
        [project]
        name = "requires-direct-incompatible-versions-ff0dfdf1-b"
        version = "1.0.0"
        dependencies = []
        requires-python = ">=3.7"
        description = ""
  
      ''',
      'build/requires-direct-incompatible-versions-ff0dfdf1/requires-direct-incompatible-versions-ff0dfdf1-b-1.0.0/src/requires_direct_incompatible_versions_ff0dfdf1_b/__init__.py': '''
        __version__ = "1.0.0"
  
      ''',
      'build/requires-direct-incompatible-versions-ff0dfdf1/requires-direct-incompatible-versions-ff0dfdf1-b-2.0.0/pyproject.toml': '''
        [build-system]
        requires = ["hatchling"]
        build-backend = "hatchling.build"
        
        [tool.hatch.build.targets.wheel]
        packages = ["src/requires_direct_incompatible_versions_ff0dfdf1_b"]
        
        [tool.hatch.build.targets.sdist]
        only-include = ["src/requires_direct_incompatible_versions_ff0dfdf1_b"]
        
        [project]
        name = "requires-direct-incompatible-versions-ff0dfdf1-b"
        version = "2.0.0"
        dependencies = []
        requires-python = ">=3.7"
        description = ""
  
      ''',
      'build/requires-direct-incompatible-versions-ff0dfdf1/requires-direct-incompatible-versions-ff0dfdf1-b-2.0.0/src/requires_direct_incompatible_versions_ff0dfdf1_b/__init__.py': '''
        __version__ = "2.0.0"
  
      ''',
      'build/requires-transitive-incompatible-with-root-version-5c1b7dc1/requires-transitive-incompatible-with-root-version-5c1b7dc1-0.0.0/pyproject.toml': 'md5:9686b29616d22786796b62fd0d671a8f',
      'build/requires-transitive-incompatible-with-root-version-5c1b7dc1/requires-transitive-incompatible-with-root-version-5c1b7dc1-0.0.0/src/requires_transitive_incompatible_with_root_version_5c1b7dc1/__init__.py': '''
        __version__ = "0.0.0"
  
      ''',
      'build/requires-transitive-incompatible-with-root-version-5c1b7dc1/requires-transitive-incompatible-with-root-version-5c1b7dc1-a-1.0.0/pyproject.toml': 'md5:49f3f0494d5485136318241773603dcc',
      'build/requires-transitive-incompatible-with-root-version-5c1b7dc1/requires-transitive-incompatible-with-root-version-5c1b7dc1-a-1.0.0/src/requires_transitive_incompatible_with_root_version_5c1b7dc1_a/__init__.py': '''
        __version__ = "1.0.0"
  
      ''',
      'build/requires-transitive-incompatible-with-root-version-5c1b7dc1/requires-transitive-incompatible-with-root-version-5c1b7dc1-b-1.0.0/pyproject.toml': 'md5:64b6def4be3ba646a512f878fbced8c4',
      'build/requires-transitive-incompatible-with-root-version-5c1b7dc1/requires-transitive-incompatible-with-root-version-5c1b7dc1-b-1.0.0/src/requires_transitive_incompatible_with_root_version_5c1b7dc1_b/__init__.py': '''
        __version__ = "1.0.0"
  
      ''',
      'build/requires-transitive-incompatible-with-root-version-5c1b7dc1/requires-transitive-incompatible-with-root-version-5c1b7dc1-c-1.0.0/pyproject.toml': '''
        [build-system]
        requires = ["hatchling"]
        build-backend = "hatchling.build"
        
        [tool.hatch.build.targets.wheel]
        packages = ["src/requires_transitive_incompatible_with_root_version_5c1b7dc1_c"]
        
        [tool.hatch.build.targets.sdist]
        only-include = ["src/requires_transitive_incompatible_with_root_version_5c1b7dc1_c"]
        
        [project]
        name = "requires-transitive-incompatible-with-root-version-5c1b7dc1-c"
        version = "1.0.0"
        dependencies = []
        requires-python = ">=3.7"
        description = ""
  
      ''',
      'build/requires-transitive-incompatible-with-root-version-5c1b7dc1/requires-transitive-incompatible-with-root-version-5c1b7dc1-c-1.0.0/src/requires_transitive_incompatible_with_root_version_5c1b7dc1_c/__init__.py': '''
        __version__ = "1.0.0"
  
      ''',
      'build/requires-transitive-incompatible-with-root-version-5c1b7dc1/requires-transitive-incompatible-with-root-version-5c1b7dc1-c-2.0.0/pyproject.toml': '''
        [build-system]
        requires = ["hatchling"]
        build-backend = "hatchling.build"
        
        [tool.hatch.build.targets.wheel]
        packages = ["src/requires_transitive_incompatible_with_root_version_5c1b7dc1_c"]
        
        [tool.hatch.build.targets.sdist]
        only-include = ["src/requires_transitive_incompatible_with_root_version_5c1b7dc1_c"]
        
        [project]
        name = "requires-transitive-incompatible-with-root-version-5c1b7dc1-c"
        version = "2.0.0"
        dependencies = []
        requires-python = ">=3.7"
        description = ""
  
      ''',
      'build/requires-transitive-incompatible-with-root-version-5c1b7dc1/requires-transitive-incompatible-with-root-version-5c1b7dc1-c-2.0.0/src/requires_transitive_incompatible_with_root_version_5c1b7dc1_c/__init__.py': '''
        __version__ = "2.0.0"
  
      ''',
      'build/requires-transitive-incompatible-with-transitive-d87a3d1f/requires-transitive-incompatible-with-transitive-d87a3d1f-0.0.0/pyproject.toml': 'md5:ff9ed07fe24a0d13682ac3725af81a4d',
      'build/requires-transitive-incompatible-with-transitive-d87a3d1f/requires-transitive-incompatible-with-transitive-d87a3d1f-0.0.0/src/requires_transitive_incompatible_with_transitive_d87a3d1f/__init__.py': '''
        __version__ = "0.0.0"
  
      ''',
      'build/requires-transitive-incompatible-with-transitive-d87a3d1f/requires-transitive-incompatible-with-transitive-d87a3d1f-a-1.0.0/pyproject.toml': 'md5:a69d67e5427a87113400d45aa45ffb5b',
      'build/requires-transitive-incompatible-with-transitive-d87a3d1f/requires-transitive-incompatible-with-transitive-d87a3d1f-a-1.0.0/src/requires_transitive_incompatible_with_transitive_d87a3d1f_a/__init__.py': '''
        __version__ = "1.0.0"
  
      ''',
      'build/requires-transitive-incompatible-with-transitive-d87a3d1f/requires-transitive-incompatible-with-transitive-d87a3d1f-b-1.0.0/pyproject.toml': 'md5:ffe0ca5eaf43ed57b4012944c66eec94',
      'build/requires-transitive-incompatible-with-transitive-d87a3d1f/requires-transitive-incompatible-with-transitive-d87a3d1f-b-1.0.0/src/requires_transitive_incompatible_with_transitive_d87a3d1f_b/__init__.py': '''
        __version__ = "1.0.0"
  
      ''',
      'build/requires-transitive-incompatible-with-transitive-d87a3d1f/requires-transitive-incompatible-with-transitive-d87a3d1f-c-1.0.0/pyproject.toml': 'md5:cb20815fa3d859d28adb1d88f2c9d1ee',
      'build/requires-transitive-incompatible-with-transitive-d87a3d1f/requires-transitive-incompatible-with-transitive-d87a3d1f-c-1.0.0/src/requires_transitive_incompatible_with_transitive_d87a3d1f_c/__init__.py': '''
        __version__ = "1.0.0"
  
      ''',
      'build/requires-transitive-incompatible-with-transitive-d87a3d1f/requires-transitive-incompatible-with-transitive-d87a3d1f-d-1.0.0/pyproject.toml': '''
        [build-system]
        requires = ["hatchling"]
        build-backend = "hatchling.build"
        
        [tool.hatch.build.targets.wheel]
        packages = ["src/requires_transitive_incompatible_with_transitive_d87a3d1f_d"]
        
        [tool.hatch.build.targets.sdist]
        only-include = ["src/requires_transitive_incompatible_with_transitive_d87a3d1f_d"]
        
        [project]
        name = "requires-transitive-incompatible-with-transitive-d87a3d1f-d"
        version = "1.0.0"
        dependencies = []
        requires-python = ">=3.7"
        description = ""
  
      ''',
      'build/requires-transitive-incompatible-with-transitive-d87a3d1f/requires-transitive-incompatible-with-transitive-d87a3d1f-d-1.0.0/src/requires_transitive_incompatible_with_transitive_d87a3d1f_d/__init__.py': '''
        __version__ = "1.0.0"
  
      ''',
      'build/requires-transitive-incompatible-with-transitive-d87a3d1f/requires-transitive-incompatible-with-transitive-d87a3d1f-d-2.0.0/pyproject.toml': '''
        [build-system]
        requires = ["hatchling"]
        build-backend = "hatchling.build"
        
        [tool.hatch.build.targets.wheel]
        packages = ["src/requires_transitive_incompatible_with_transitive_d87a3d1f_d"]
        
        [tool.hatch.build.targets.sdist]
        only-include = ["src/requires_transitive_incompatible_with_transitive_d87a3d1f_d"]
        
        [project]
        name = "requires-transitive-incompatible-with-transitive-d87a3d1f-d"
        version = "2.0.0"
        dependencies = []
        requires-python = ">=3.7"
        description = ""
  
      ''',
      'build/requires-transitive-incompatible-with-transitive-d87a3d1f/requires-transitive-incompatible-with-transitive-d87a3d1f-d-2.0.0/src/requires_transitive_incompatible_with_transitive_d87a3d1f_d/__init__.py': '''
        __version__ = "2.0.0"
  
      ''',
      'dist/requires-direct-incompatible-versions-ff0dfdf1/requires_direct_incompatible_versions_ff0dfdf1-0.0.0.tar.gz': 'md5:f4ce2c117b3c52afb7baadb0277e824e',
      'dist/requires-direct-incompatible-versions-ff0dfdf1/requires_direct_incompatible_versions_ff0dfdf1_a-1.0.0-py3-none-any.whl': 'md5:d0b26379e7472882c8375e0cb6aeec65',
      'dist/requires-direct-incompatible-versions-ff0dfdf1/requires_direct_incompatible_versions_ff0dfdf1_a-1.0.0.tar.gz': 'md5:d850b21106bb82078d9453f22d589d7d',
      'dist/requires-direct-incompatible-versions-ff0dfdf1/requires_direct_incompatible_versions_ff0dfdf1_b-1.0.0-py3-none-any.whl': 'md5:45507061d95f5e9429f3709946782ce8',
      'dist/requires-direct-incompatible-versions-ff0dfdf1/requires_direct_incompatible_versions_ff0dfdf1_b-1.0.0.tar.gz': 'md5:06e0ce9c79d44134963595466025ce38',
      'dist/requires-direct-incompatible-versions-ff0dfdf1/requires_direct_incompatible_versions_ff0dfdf1_b-2.0.0-py3-none-any.whl': 'md5:6a0ae203ab12aeb876783fd0ece0e0ef',
      'dist/requires-direct-incompatible-versions-ff0dfdf1/requires_direct_incompatible_versions_ff0dfdf1_b-2.0.0.tar.gz': 'md5:ac3827e853f184f97134ba586f47d4b6',
      'dist/requires-transitive-incompatible-with-root-version-5c1b7dc1/requires_transitive_incompatible_with_root_version_5c1b7dc1-0.0.0.tar.gz': 'md5:fd94fb8e398628e3fafea78c3e450e1d',
      'dist/requires-transitive-incompatible-with-root-version-5c1b7dc1/requires_transitive_incompatible_with_root_version_5c1b7dc1_a-1.0.0-py3-none-any.whl': 'md5:ec39e07c82d432b6b7e7f6304ae89f72',
      'dist/requires-transitive-incompatible-with-root-version-5c1b7dc1/requires_transitive_incompatible_with_root_version_5c1b7dc1_a-1.0.0.tar.gz': 'md5:a98b5c6db755a6d5d697c68dfdd8c73c',
      'dist/requires-transitive-incompatible-with-root-version-5c1b7dc1/requires_transitive_incompatible_with_root_version_5c1b7dc1_b-1.0.0-py3-none-any.whl': 'md5:af0e10adcaa132ef7a6f8884d0dd76af',
      'dist/requires-transitive-incompatible-with-root-version-5c1b7dc1/requires_transitive_incompatible_with_root_version_5c1b7dc1_b-1.0.0.tar.gz': 'md5:221ca9a380c6523456b7edca1ab6d4de',
      'dist/requires-transitive-incompatible-with-root-version-5c1b7dc1/requires_transitive_incompatible_with_root_version_5c1b7dc1_c-1.0.0-py3-none-any.whl': 'md5:86d9e06e90b02574b737ad9ced909af7',
      'dist/requires-transitive-incompatible-with-root-version-5c1b7dc1/requires_transitive_incompatible_with_root_version_5c1b7dc1_c-1.0.0.tar.gz': 'md5:6673c6e0600b512d66f00b6b2a6e0abb',
      'dist/requires-transitive-incompatible-with-root-version-5c1b7dc1/requires_transitive_incompatible_with_root_version_5c1b7dc1_c-2.0.0-py3-none-any.whl': 'md5:eca1b2cb379a06088815cfecb29e9ea8',
      'dist/requires-transitive-incompatible-with-root-version-5c1b7dc1/requires_transitive_incompatible_with_root_version_5c1b7dc1_c-2.0.0.tar.gz': 'md5:79cade79b1a7a2afc8fc5cff9d5dea16',
      'dist/requires-transitive-incompatible-with-transitive-d87a3d1f/requires_transitive_incompatible_with_transitive_d87a3d1f-0.0.0.tar.gz': 'md5:c48c5f0213bbbb63ffba61d07a5b6ae3',
      'dist/requires-transitive-incompatible-with-transitive-d87a3d1f/requires_transitive_incompatible_with_transitive_d87a3d1f_a-1.0.0-py3-none-any.whl': 'md5:9f0156cc3fb1d09d5db36a4b461a5131',
      'dist/requires-transitive-incompatible-with-transitive-d87a3d1f/requires_transitive_incompatible_with_transitive_d87a3d1f_a-1.0.0.tar.gz': 'md5:abc2fcc0090c975ab84d06aa0a2d9961',
      'dist/requires-transitive-incompatible-with-transitive-d87a3d1f/requires_transitive_incompatible_with_transitive_d87a3d1f_b-1.0.0-py3-none-any.whl': 'md5:64c8ca55f26e94add4860a387ac62052',
      'dist/requires-transitive-incompatible-with-transitive-d87a3d1f/requires_transitive_incompatible_with_transitive_d87a3d1f_b-1.0.0.tar.gz': 'md5:7963e82d6f0ebdf2c97af122979f1a0b',
      'dist/requires-transitive-incompatible-with-transitive-d87a3d1f/requires_transitive_incompatible_with_transitive_d87a3d1f_c-1.0.0-py3-none-any.whl': 'md5:09acb0577d20adfddd7c3aeaf66dec48',
      'dist/requires-transitive-incompatible-with-transitive-d87a3d1f/requires_transitive_incompatible_with_transitive_d87a3d1f_c-1.0.0.tar.gz': 'md5:c64d8f1e6b0e68b741affd8931729dc0',
      'dist/requires-transitive-incompatible-with-transitive-d87a3d1f/requires_transitive_incompatible_with_transitive_d87a3d1f_d-1.0.0-py3-none-any.whl': 'md5:893e1759ea4460e2c0f0cc4244f74985',
      'dist/requires-transitive-incompatible-with-transitive-d87a3d1f/requires_transitive_incompatible_with_transitive_d87a3d1f_d-1.0.0.tar.gz': 'md5:27512d1dc548cfddf8c062e0b51990a5',
      'dist/requires-transitive-incompatible-with-transitive-d87a3d1f/requires_transitive_incompatible_with_transitive_d87a3d1f_d-2.0.0-py3-none-any.whl': 'md5:c7313f15c06088bdc882dfa2b8c53fbf',
      'dist/requires-transitive-incompatible-with-transitive-d87a3d1f/requires_transitive_incompatible_with_transitive_d87a3d1f_d-2.0.0.tar.gz': 'md5:599b036e68b7e65edc2d1850678e175b',
      'tree': '''
        test_build_all_scenarios_requi1
        ├── build
        │   ├── requires-direct-incompatible-versions-ff0dfdf1
        │   │   ├── requires-direct-incompatible-versions-ff0dfdf1-0.0.0
        │   │   │   ├── pyproject.toml
        │   │   │   └── src
        │   │   │       └── requires_direct_incompatible_versions_ff0dfdf1
        │   │   │           └── __init__.py
        │   │   ├── requires-direct-incompatible-versions-ff0dfdf1-a-1.0.0
        │   │   │   ├── pyproject.toml
        │   │   │   └── src
        │   │   │       └── requires_direct_incompatible_versions_ff0dfdf1_a
        │   │   │           └── __init__.py
        │   │   ├── requires-direct-incompatible-versions-ff0dfdf1-b-1.0.0
        │   │   │   ├── pyproject.toml
        │   │   │   └── src
        │   │   │       └── requires_direct_incompatible_versions_ff0dfdf1_b
        │   │   │           └── __init__.py
        │   │   └── requires-direct-incompatible-versions-ff0dfdf1-b-2.0.0
        │   │       ├── pyproject.toml
        │   │       └── src
        │   │           └── requires_direct_incompatible_versions_ff0dfdf1_b
        │   │               └── __init__.py
        │   ├── requires-transitive-incompatible-with-root-version-5c1b7dc1
        │   │   ├── requires-transitive-incompatible-with-root-version-5c1b7dc1-0.0.0
        │   │   │   ├── pyproject.toml
        │   │   │   └── src
        │   │   │       └── requires_transitive_incompatible_with_root_version_5c1b7dc1
        │   │   │           └── __init__.py
        │   │   ├── requires-transitive-incompatible-with-root-version-5c1b7dc1-a-1.0.0
        │   │   │   ├── pyproject.toml
        │   │   │   └── src
        │   │   │       └── requires_transitive_incompatible_with_root_version_5c1b7dc1_a
        │   │   │           └── __init__.py
        │   │   ├── requires-transitive-incompatible-with-root-version-5c1b7dc1-b-1.0.0
        │   │   │   ├── pyproject.toml
        │   │   │   └── src
        │   │   │       └── requires_transitive_incompatible_with_root_version_5c1b7dc1_b
        │   │   │           └── __init__.py
        │   │   ├── requires-transitive-incompatible-with-root-version-5c1b7dc1-c-1.0.0
        │   │   │   ├── pyproject.toml
        │   │   │   └── src
        │   │   │       └── requires_transitive_incompatible_with_root_version_5c1b7dc1_c
        │   │   │           └── __init__.py
        │   │   └── requires-transitive-incompatible-with-root-version-5c1b7dc1-c-2.0.0
        │   │       ├── pyproject.toml
        │   │       └── src
        │   │           └── requires_transitive_incompatible_with_root_version_5c1b7dc1_c
        │   │               └── __init__.py
        │   └── requires-transitive-incompatible-with-transitive-d87a3d1f
        │       ├── requires-transitive-incompatible-with-transitive-d87a3d1f-0.0.0
        │       │   ├── pyproject.toml
        │       │   └── src
        │       │       └── requires_transitive_incompatible_with_transitive_d87a3d1f
        │       │           └── __init__.py
        │       ├── requires-transitive-incompatible-with-transitive-d87a3d1f-a-1.0.0
        │       │   ├── pyproject.toml
        │       │   └── src
        │       │       └── requires_transitive_incompatible_with_transitive_d87a3d1f_a
        │       │           └── __init__.py
        │       ├── requires-transitive-incompatible-with-transitive-d87a3d1f-b-1.0.0
        │       │   ├── pyproject.toml
        │       │   └── src
        │       │       └── requires_transitive_incompatible_with_transitive_d87a3d1f_b
        │       │           └── __init__.py
        │       ├── requires-transitive-incompatible-with-transitive-d87a3d1f-c-1.0.0
        │       │   ├── pyproject.toml
        │       │   └── src
        │       │       └── requires_transitive_incompatible_with_transitive_d87a3d1f_c
        │       │           └── __init__.py
        │       ├── requires-transitive-incompatible-with-transitive-d87a3d1f-d-1.0.0
        │       │   ├── pyproject.toml
        │       │   └── src
        │       │       └── requires_transitive_incompatible_with_transitive_d87a3d1f_d
        │       │           └── __init__.py
        │       └── requires-transitive-incompatible-with-transitive-d87a3d1f-d-2.0.0
        │           ├── pyproject.toml
        │           └── src
        │               └── requires_transitive_incompatible_with_transitive_d87a3d1f_d
        │                   └── __init__.py
        └── dist
            ├── requires-direct-incompatible-versions-ff0dfdf1
            │   ├── requires_direct_incompatible_versions_ff0dfdf1-0.0.0.tar.gz
            │   ├── requires_direct_incompatible_versions_ff0dfdf1_a-1.0.0-py3-none-any.whl
            │   ├── requires_direct_incompatible_versions_ff0dfdf1_a-1.0.0.tar.gz
            │   ├── requires_direct_incompatible_versions_ff0dfdf1_b-1.0.0-py3-none-any.whl
            │   ├── requires_direct_incompatible_versions_ff0dfdf1_b-1.0.0.tar.gz
            │   ├── requires_direct_incompatible_versions_ff0dfdf1_b-2.0.0-py3-none-any.whl
            │   └── requires_direct_incompatible_versions_ff0dfdf1_b-2.0.0.tar.gz
            ├── requires-transitive-incompatible-with-root-version-5c1b7dc1
            │   ├── requires_transitive_incompatible_with_root_version_5c1b7dc1-0.0.0.tar.gz
            │   ├── requires_transitive_incompatible_with_root_version_5c1b7dc1_a-1.0.0-py3-none-any.whl
            │   ├── requires_transitive_incompatible_with_root_version_5c1b7dc1_a-1.0.0.tar.gz
            │   ├── requires_transitive_incompatible_with_root_version_5c1b7dc1_b-1.0.0-py3-none-any.whl
            │   ├── requires_transitive_incompatible_with_root_version_5c1b7dc1_b-1.0.0.tar.gz
            │   ├── requires_transitive_incompatible_with_root_version_5c1b7dc1_c-1.0.0-py3-none-any.whl
            │   ├── requires_transitive_incompatible_with_root_version_5c1b7dc1_c-1.0.0.tar.gz
            │   ├── requires_transitive_incompatible_with_root_version_5c1b7dc1_c-2.0.0-py3-none-any.whl
            │   └── requires_transitive_incompatible_with_root_version_5c1b7dc1_c-2.0.0.tar.gz
            └── requires-transitive-incompatible-with-transitive-d87a3d1f
                ├── requires_transitive_incompatible_with_transitive_d87a3d1f-0.0.0.tar.gz
                ├── requires_transitive_incompatible_with_transitive_d87a3d1f_a-1.0.0-py3-none-any.whl
                ├── requires_transitive_incompatible_with_transitive_d87a3d1f_a-1.0.0.tar.gz
                ├── requires_transitive_incompatible_with_transitive_d87a3d1f_b-1.0.0-py3-none-any.whl
                ├── requires_transitive_incompatible_with_transitive_d87a3d1f_b-1.0.0.tar.gz
                ├── requires_transitive_incompatible_with_transitive_d87a3d1f_c-1.0.0-py3-none-any.whl
                ├── requires_transitive_incompatible_with_transitive_d87a3d1f_c-1.0.0.tar.gz
                ├── requires_transitive_incompatible_with_transitive_d87a3d1f_d-1.0.0-py3-none-any.whl
                ├── requires_transitive_incompatible_with_transitive_d87a3d1f_d-1.0.0.tar.gz
                ├── requires_transitive_incompatible_with_transitive_d87a3d1f_d-2.0.0-py3-none-any.whl
                └── requires_transitive_incompatible_with_transitive_d87a3d1f_d-2.0.0.tar.gz
        
        53 directories, 57 files
  
      ''',
    }),
    'stderr': '''
      INFO:packse.build:Building 'requires-direct-incompatible-versions-ff0dfdf1' in directory 'build/requires-direct-incompatible-versions-ff0dfdf1'
      INFO:packse.build:Generated project for 'requires-direct-incompatible-versions-ff0dfdf1-a-1.0.0' in 1.11ms
      INFO:packse.build:Built package 'requires-direct-incompatible-versions-ff0dfdf1-a-1.0.0' in 1.73s
      INFO:packse.build:Generated project for 'requires-direct-incompatible-versions-ff0dfdf1-b-1.0.0' in 0.87ms
      INFO:packse.build:Built package 'requires-direct-incompatible-versions-ff0dfdf1-b-1.0.0' in 1.82s
      INFO:packse.build:Generated project for 'requires-direct-incompatible-versions-ff0dfdf1-b-2.0.0' in 0.90ms
      INFO:packse.build:Built package 'requires-direct-incompatible-versions-ff0dfdf1-b-2.0.0' in 1.79s
      INFO:packse.build:Generated project for 'requires-direct-incompatible-versions-ff0dfdf1-0.0.0' in 1.01ms
      INFO:packse.build:Built package 'requires-direct-incompatible-versions-ff0dfdf1-0.0.0' in 1.56s
      INFO:packse.build:Built scenario 'requires-direct-incompatible-versions-ff0dfdf1' in 6.92s
      INFO:packse.build:Building 'requires-transitive-incompatible-with-root-version-5c1b7dc1' in directory 'build/requires-transitive-incompatible-with-root-version-5c1b7dc1'
      INFO:packse.build:Generated project for 'requires-transitive-incompatible-with-root-version-5c1b7dc1-a-1.0.0' in 0.86ms
      INFO:packse.build:Built package 'requires-transitive-incompatible-with-root-version-5c1b7dc1-a-1.0.0' in 1.63s
      INFO:packse.build:Generated project for 'requires-transitive-incompatible-with-root-version-5c1b7dc1-b-1.0.0' in 0.84ms
      INFO:packse.build:Built package 'requires-transitive-incompatible-with-root-version-5c1b7dc1-b-1.0.0' in 1.60s
      INFO:packse.build:Generated project for 'requires-transitive-incompatible-with-root-version-5c1b7dc1-c-1.0.0' in 0.87ms
      INFO:packse.build:Built package 'requires-transitive-incompatible-with-root-version-5c1b7dc1-c-1.0.0' in 1.63s
      INFO:packse.build:Generated project for 'requires-transitive-incompatible-with-root-version-5c1b7dc1-c-2.0.0' in 0.87ms
      INFO:packse.build:Built package 'requires-transitive-incompatible-with-root-version-5c1b7dc1-c-2.0.0' in 1.85s
      INFO:packse.build:Generated project for 'requires-transitive-incompatible-with-root-version-5c1b7dc1-0.0.0' in 0.84ms
      INFO:packse.build:Built package 'requires-transitive-incompatible-with-root-version-5c1b7dc1-0.0.0' in 1.54s
      INFO:packse.build:Built scenario 'requires-transitive-incompatible-with-root-version-5c1b7dc1' in 8.26s
      INFO:packse.build:Building 'requires-transitive-incompatible-with-transitive-d87a3d1f' in directory 'build/requires-transitive-incompatible-with-transitive-d87a3d1f'
      INFO:packse.build:Generated project for 'requires-transitive-incompatible-with-transitive-d87a3d1f-a-1.0.0' in 0.83ms
      INFO:packse.build:Built package 'requires-transitive-incompatible-with-transitive-d87a3d1f-a-1.0.0' in 1.70s
      INFO:packse.build:Generated project for 'requires-transitive-incompatible-with-transitive-d87a3d1f-b-1.0.0' in 0.84ms
      INFO:packse.build:Built package 'requires-transitive-incompatible-with-transitive-d87a3d1f-b-1.0.0' in 1.78s
      INFO:packse.build:Generated project for 'requires-transitive-incompatible-with-transitive-d87a3d1f-c-1.0.0' in 0.90ms
      INFO:packse.build:Built package 'requires-transitive-incompatible-with-transitive-d87a3d1f-c-1.0.0' in 1.67s
      INFO:packse.build:Generated project for 'requires-transitive-incompatible-with-transitive-d87a3d1f-d-1.0.0' in 0.85ms
      INFO:packse.build:Built package 'requires-transitive-incompatible-with-transitive-d87a3d1f-d-1.0.0' in 1.61s
      INFO:packse.build:Generated project for 'requires-transitive-incompatible-with-transitive-d87a3d1f-d-2.0.0' in 0.92ms
      INFO:packse.build:Built package 'requires-transitive-incompatible-with-transitive-d87a3d1f-d-2.0.0' in 1.88s
      INFO:packse.build:Generated project for 'requires-transitive-incompatible-with-transitive-d87a3d1f-0.0.0' in 0.85ms
      INFO:packse.build:Built package 'requires-transitive-incompatible-with-transitive-d87a3d1f-0.0.0' in 1.59s
      INFO:packse.build:Built scenario 'requires-transitive-incompatible-with-transitive-d87a3d1f' in 10.23s
  
    ''',
    'stdout': '''
      requires-direct-incompatible-versions-ff0dfdf1
      requires-transitive-incompatible-with-root-version-5c1b7dc1
      requires-transitive-incompatible-with-transitive-d87a3d1f
  
    ''',
  })
# ---
# name: test_view_all_scenarios[requires-does-not-exist]
  dict({
    'exit_code': 0,
    'filesystem': dict({
      'tree': '''
        test_view_all_scenarios_requir0
        
        0 directories
  
      ''',
    }),
    'stderr': '',
    'stdout': '''
      requires-package-does-not-exist-2b0c3851
      └── a-1.0.0
          └── requires b
              └── unsatisfied
      
      requires-exact-version-does-not-exist-e6dc3dbc
      └── a-1.0.0
          └── requires b==2.0.0
              └── unsatisfied
      └── b-1.0.0
      
      requires-greater-version-does-not-exist-0292e3fd
      └── a-1.0.0
          └── requires b>1.0.0
              └── unsatisfied
      ├── b-0.1.0
      └── b-1.0.0
      
      requires-less-version-does-not-exist-709e7ab6
      └── a-1.0.0
          └── requires b<2.0.0
              └── unsatisfied
      ├── b-2.0.0
      ├── b-3.0.0
      └── b-4.0.0
      
      transitive-requires-package-does-not-exist-ccfa77f5
      └── a-1.0.0
          └── requires b
              └── satisfied by b-1.0.0
                  └── requires c
                      └── unsatisfied
      └── b-1.0.0
          └── requires c
              └── unsatisfied
      
  
    ''',
  })
# ---
# name: test_view_all_scenarios[requires-incompatible-versions]
  dict({
    'exit_code': 0,
    'filesystem': dict({
      'tree': '''
        test_view_all_scenarios_requir1
        
        0 directories
  
      ''',
    }),
    'stderr': '',
    'stdout': '''
      requires-direct-incompatible-versions-ff0dfdf1
      └── a-1.0.0
          ├── requires b==1.0.0
          │   ├── satisfied by b-1.0.0
          └── requires b==2.0.0
              └── satisfied by b-2.0.0
      ├── b-1.0.0
      └── b-2.0.0
      
      requires-transitive-incompatible-with-root-version-5c1b7dc1
      └── a-1.0.0
          ├── requires b
          │   └── satisfied by b-1.0.0
          │       └── requires c==2.0.0
          │           └── satisfied by c-2.0.0
          └── requires c==1.0.0
              ├── satisfied by c-1.0.0
      └── b-1.0.0
          └── requires c==2.0.0
              └── satisfied by c-2.0.0
      ├── c-1.0.0
      └── c-2.0.0
      
      requires-transitive-incompatible-with-transitive-d87a3d1f
      └── a-1.0.0
          ├── requires b
          │   └── satisfied by b-1.0.0
          │       └── requires d==1.0.0
          │           ├── satisfied by d-1.0.0
          └── requires c
              └── satisfied by c-1.0.0
                  └── requires d==2.0.0
                      └── satisfied by d-2.0.0
      └── b-1.0.0
          └── requires d==1.0.0
              ├── satisfied by d-1.0.0
      └── c-1.0.0
          └── requires d==2.0.0
              └── satisfied by d-2.0.0
      ├── d-1.0.0
      └── d-2.0.0
      
  
    ''',
  })
# ---
