# serializer version: 1
# name: test_root_shows_help
  dict({
    'exit_code': 0,
    'stderr': '',
    'stdout': '''
      usage: packse [-h] [-v] [-q]
                    {build,build-pkg,view,publish,list,inspect,serve,fetch,index}
                    ...
      
      Utilities for working example packaging scenarios
      
      options:
        -h, --help            show this help message and exit
        -v, --verbose         Enable debug logging
        -q, --quiet           Disable logging
      
      commands:
        {build,build-pkg,view,publish,list,inspect,serve,fetch,index}
          build               Build packages for a scenario
          build-pkg           Build a single package
          view                View a scenario
          publish             Publish packages for a scenario
          list                List scenarios at the given paths
          inspect             Inspect scenarios at the given paths
          serve               Serve scenarios on a temporary local package index
          fetch               Fetch built-in scenarios from the packse repository
          index               Run a local package index
  
    ''',
  })
# ---
# name: test_root_verbose[--verbose]
  dict({
    'exit_code': 0,
    'stderr': '',
    'stdout': '''
      usage: packse [-h] [-v] [-q]
                    {build,build-pkg,view,publish,list,inspect,serve,fetch,index}
                    ...
      
      Utilities for working example packaging scenarios
      
      options:
        -h, --help            show this help message and exit
        -v, --verbose         Enable debug logging
        -q, --quiet           Disable logging
      
      commands:
        {build,build-pkg,view,publish,list,inspect,serve,fetch,index}
          build               Build packages for a scenario
          build-pkg           Build a single package
          view                View a scenario
          publish             Publish packages for a scenario
          list                List scenarios at the given paths
          inspect             Inspect scenarios at the given paths
          serve               Serve scenarios on a temporary local package index
          fetch               Fetch built-in scenarios from the packse repository
          index               Run a local package index
  
    ''',
  })
# ---
# name: test_root_verbose[-v]
  dict({
    'exit_code': 0,
    'stderr': '',
    'stdout': '''
      usage: packse [-h] [-v] [-q]
                    {build,build-pkg,view,publish,list,inspect,serve,fetch,index}
                    ...
      
      Utilities for working example packaging scenarios
      
      options:
        -h, --help            show this help message and exit
        -v, --verbose         Enable debug logging
        -q, --quiet           Disable logging
      
      commands:
        {build,build-pkg,view,publish,list,inspect,serve,fetch,index}
          build               Build packages for a scenario
          build-pkg           Build a single package
          view                View a scenario
          publish             Publish packages for a scenario
          list                List scenarios at the given paths
          inspect             Inspect scenarios at the given paths
          serve               Serve scenarios on a temporary local package index
          fetch               Fetch built-in scenarios from the packse repository
          index               Run a local package index
  
    ''',
  })
# ---
